T_STRINGLITERAL "A string with \"escaped\" quotes... exists!"
